src/components/ui/searchable-select.tsx(48,9): error TS2322: Type '(value: string) => void' is not assignable to type '(value: string | null) => void'.
  Types of parameters 'value' and 'value' are incompatible.
    Type 'string | null' is not assignable to type 'string'.
      Type 'null' is not assignable to type 'string'.
